2026-03-07 19:38:20,114 - [INFO] - TraceWords v5.0 başlatılıyor...
2026-03-07 19:38:20,118 - [INFO] - Python sürümü ve ortam doğrulandı.
2026-03-07 19:38:20,121 - [INFO] - Yapılandırma yüklendi: MAX_FILE_SIZE=100MB, MAX_ARCHIVE_DEPTH=3, REGEX_TIMEOUT=2s
2026-03-07 19:38:20,123 - [INFO] - Loglama sistemi başlatıldı: tracewords_info.log, tracewords_audit.log, tracewords_privacy.log
2026-03-07 19:38:20,125 - [INFO] - ThreadPoolExecutor başlatıldı.
2026-03-07 19:38:20,127 - [INFO] - GDPRCompliantStorage hazır: anahtar kaynağı=keyfile
2026-03-07 19:38:35,201 - [INFO] - Konsol arayüzü başlatıldı.
2026-03-07 19:38:35,920 - [INFO] - GDPR/CCPA veri işleme onayı bekleniyor...
2026-03-07 19:38:40,540 - [INFO] - Kullanıcı onayı alındı. Oturum ID: d4907b0a-753b-4594-acb8-7873138879c9
2026-03-07 19:38:40,541 - [INFO] - Arama modu seçildi: regex
2026-03-07 19:38:40,542 - [INFO] - Analiz parametreleri alındı: anahtar_kelimeler=['admin', 'password'], mod=regex, pii_maskeleme=True, anonimleştirme=False, tam_eşleşme=False, recursive=False
2026-03-07 19:38:40,543 - [INFO] - Hedef dizin: C:\Users\Ev\Documents\Projeler\TraceWords\tracewords_test
2026-03-07 19:38:40,545 - [INFO] - Analiz başlatılıyor: C:\Users\Ev\Documents\Projeler\TraceWords\tracewords_test
2026-03-07 19:38:40,547 - [INFO] - Dizin taraması tamamlandı: 18 dosya kuyruğa alındı.
2026-03-07 19:38:40,549 - [INFO] - Desteklenen formatlar: .txt, .json, .csv, .log, .xml, .html, .py, .js, .php, .sql, .conf, .ini, .pdf, .docx, .xlsx, .zip, .tar.gz, .eml, .msg
2026-03-07 19:38:40,551 - [INFO] - Paralel analiz başlatıldı.
2026-03-07 19:38:40,553 - [INFO] - İşleniyor [1/18]: access_report.docx (8,613 bytes)
2026-03-07 19:38:40,555 - [INFO] - İşleniyor [2/18]: admin_panel.html (1,228 bytes)
2026-03-07 19:38:40,556 - [INFO] - İşleniyor [3/18]: api_client.js (1,293 bytes)
2026-03-07 19:38:40,557 - [INFO] - İşleniyor [4/18]: app.conf (983 bytes)
2026-03-07 19:38:40,558 - [INFO] - İşleniyor [5/18]: archive_backup.zip (696 bytes)
2026-03-07 19:38:40,559 - [INFO] - Arşiv açılıyor: archive_backup.zip (ZIP, derinlik: 1)
2026-03-07 19:38:40,560 - [INFO] - Arşiv üyesi işleniyor [5a]: archived_keys.txt (484 bytes) [ZIP üyesi]
2026-03-07 19:38:40,561 - [INFO] - Arşiv üyesi işleniyor [5b]: old_config.ini (216 bytes) [ZIP üyesi]
2026-03-07 19:38:40,562 - [INFO] - İşleniyor [6/18]: company_data.xlsx (7,076 bytes)
2026-03-07 19:38:40,563 - [INFO] - İşleniyor [7/18]: config.xml (1,228 bytes)
2026-03-07 19:38:40,564 - [INFO] - İşleniyor [8/18]: connect.php (1,212 bytes)
2026-03-07 19:38:40,565 - [INFO] - İşleniyor [9/18]: credentials.txt (759 bytes)
2026-03-07 19:38:40,566 - [INFO] - İşleniyor [10/18]: db_config.py (1,850 bytes)
2026-03-07 19:38:40,567 - [INFO] - İşleniyor [11/18]: deploy_backup.tar.gz (718 bytes)
2026-03-07 19:38:40,568 - [INFO] - Arşiv açılıyor: deploy_backup.tar.gz (TAR.GZ, derinlik: 1)
2026-03-07 19:38:40,569 - [INFO] - Arşiv üyesi işleniyor [11a]: deploy_notes.txt (388 bytes) [TAR üyesi]
2026-03-07 19:38:40,570 - [INFO] - Arşiv üyesi işleniyor [11b]: old_keys/archived_keys.txt (484 bytes) [TAR üyesi]
2026-03-07 19:38:40,571 - [INFO] - İşleniyor [12/18]: employees.json (1,228 bytes)
2026-03-07 19:38:40,572 - [INFO] - İşleniyor [13/18]: it_report.pdf (2,561 bytes)
2026-03-07 19:38:40,573 - [INFO] - İşleniyor [14/18]: notification.eml (1,130 bytes)
2026-03-07 19:38:40,574 - [INFO] - İşleniyor [15/18]: schema.sql (1,743 bytes)
2026-03-07 19:38:40,575 - [INFO] - İşleniyor [16/18]: settings.ini (891 bytes)
2026-03-07 19:38:40,576 - [INFO] - İşleniyor [17/18]: system.log (1,540 bytes)
2026-03-07 19:38:40,577 - [WARNING] - Dosya atlandı [18/18]: user_export.csv — ERROR:root:CSV okunamadı C:\Users\Ev\Documents\Projeler\TraceWords\tracewords_test\user_export.csv: name 'pd' is not defined
2026-03-07 19:38:40,620 - [INFO] - Tamamlandı: access_report.docx — eşleşme yok
2026-03-07 19:38:40,625 - [INFO] - Tamamlandı: admin_panel.html — eşleşme yok
2026-03-07 19:38:40,630 - [INFO] - Tamamlandı: company_data.xlsx — eşleşme yok
2026-03-07 19:38:40,633 - [INFO] - Tamamlandı: config.xml — eşleşme yok
2026-03-07 19:38:40,636 - [INFO] - Tamamlandı: employees.json — eşleşme yok
2026-03-07 19:38:40,639 - [INFO] - Tamamlandı: it_report.pdf — eşleşme yok
2026-03-07 19:38:40,642 - [INFO] - Tamamlandı: notification.eml — eşleşme yok
2026-03-07 19:38:40,645 - [INFO] - Tamamlandı: schema.sql — eşleşme yok
2026-03-07 19:38:40,648 - [INFO] - Tamamlandı: settings.ini — eşleşme yok
2026-03-07 19:38:40,651 - [INFO] - Tamamlandı: system.log — eşleşme yok
2026-03-07 19:38:40,654 - [INFO] - Tamamlandı: deploy_notes.txt [TAR üyesi] — eşleşme yok
2026-03-07 19:38:40,663 - [INFO] - Kanıt bulundu: credentials.txt — admin: 4, password: 1 | SHA-256: cb5421763d19361b9473cd852253db6eba0bc97c11402ffee48c0f4ee5be9858
2026-03-07 19:38:40,665 - [INFO] - Kanıt bulundu: db_config.py — admin: 5, password: 4 | SHA-256: 0c1a491163c257616ef88f1be6975b31aefa082eeaae23a9f07fed74e301cc56
2026-03-07 19:38:40,666 - [INFO] - Kanıt bulundu: connect.php — admin: 6, password: 1 | SHA-256: e51588880e39e41d93974156217e04ed93a03231135fbaa44757d75c8b971558
2026-03-07 19:38:40,667 - [INFO] - Kanıt bulundu: api_client.js — admin: 7, password: 2 | SHA-256: bf2a65f94d4be53fca93505d90334f95392dc9c662431a2ab38b7539b70c5c2f
2026-03-07 19:38:40,668 - [INFO] - Kanıt bulundu: app.conf — admin: 3, password: 2 | SHA-256: 22c892341dca5d48711d9d3ae5161621fd1ea13c3d3514a16023615e036645f4
2026-03-07 19:38:40,669 - [INFO] - Kanıt bulundu: archived_keys.txt [ZIP üyesi] — admin: 1, password: 3 | SHA-256: 31d3a5bdc1641fa3cb0a78ed482b7e6f1ead2dc4b61c09ab7c20d26901751b68
2026-03-07 19:38:40,670 - [INFO] - Kanıt bulundu: old_keys/archived_keys.txt [TAR üyesi] — admin: 1, password: 3 | SHA-256: 31d3a5bdc1641fa3cb0a78ed482b7e6f1ead2dc4b61c09ab7c20d26901751b68
2026-03-07 19:38:40,695 - [INFO] - Arşiv tamamlandı: archive_backup.zip — 2 üye işlendi
2026-03-07 19:38:40,710 - [INFO] - Arşiv tamamlandı: deploy_backup.tar.gz — 2 üye işlendi
2026-03-07 19:38:40,720 - [INFO] - PII özeti: email=44, phone_international=12, credit_card=5, url=7, iban=11, ip_address=14, mac_address=2, date_of_birth=5
2026-03-07 19:38:40,725 - [INFO] - Analiz tamamlandı: 18 dosya işlendi, 7 dosyada kanıt bulundu, toplam 43 eşleşme, süre=0.18s
2026-03-07 19:38:40,730 - [INFO] - Rapor oluşturuluyor: C:\Users\Ev\Documents\Projeler\TraceWords\tracewords_test\tracewords_report.txt
2026-03-07 19:38:40,734 - [INFO] - Rapor kaydedildi: tracewords_report.txt
2026-03-07 19:38:40,735 - [INFO] - Oturum sonlandırılıyor: d4907b0a-753b-4594-acb8-7873138879c9
2026-03-07 19:38:40,736 - [INFO] - ThreadPoolExecutor kapatıldı.
2026-03-07 19:38:40,737 - [INFO] - TraceWords oturumu tamamlandı.
