2025-07-21 12:54:46,719 - INFO - TraceWords v4.0 (GDPR/CCPA Uyumlu) programı başlatıldı.
2025-07-21 12:54:50,533 - INFO - Session: c09f5ada-c100-44a5-9267-0d571e42d098 | Action: CONSENT_GRANTED | Resource: data_processing | User: user | Result: SUCCESS
2025-07-21 12:54:57,104 - INFO - Session: c09f5ada-c100-44a5-9267-0d571e42d098 | Action: ANALYSIS_PARAMETERS | Resource: Keywords: ['pass'], Mode: partial | User: user | Result: SUCCESS
2025-07-21 12:54:57,105 - INFO - TraceWords analizi başlatıldı: F:\TraceWords
2025-07-21 12:54:57,106 - INFO - Session: c09f5ada-c100-44a5-9267-0d571e42d098 | Action: ANALYSIS_STARTED | Resource: F:\TraceWords | User: user | Result: SUCCESS
2025-07-21 12:54:57,108 - INFO - Dijital kanıt analizi: tracewords.py
2025-07-21 12:54:57,109 - INFO - Dijital kanıt analizi: user_1.csv
2025-07-21 12:54:57,109 - INFO - Dijital kanıt analizi: user_1.txt
2025-07-21 12:54:57,127 - INFO - Dijital kanıt analizi: user_2.txt
2025-07-21 12:54:57,130 - INFO - Dijital kanıt analizi: user_3.txt
2025-07-21 12:54:57,131 - INFO - Dijital kanıt analizi: user_4.txt
2025-07-21 12:54:57,132 - INFO - Dijital kanıt analizi: user_passs.json
2025-07-21 12:54:57,133 - INFO - Dijital kanıt analizi: requirements.txt
2025-07-21 12:54:57,135 - INFO - Dijital kanıt analizi: tracewords.log
2025-07-21 12:54:57,136 - INFO - Dijital kanıt analizi: tracewords_audit.log
2025-07-21 12:54:57,136 - INFO - Dijital kanıt analizi: tracewords_privacy.log
2025-07-21 12:54:57,168 - INFO - TraceWords analizi tamamlandı. Dosya sayısı: 11, Süre: 0.06 saniye
2025-07-21 12:54:57,168 - INFO - Session: c09f5ada-c100-44a5-9267-0d571e42d098 | Action: ANALYSIS_COMPLETED | Resource: F:\TraceWords - 11 files | User: user | Result: SUCCESS
2025-07-21 12:54:57,190 - INFO - GDPR/CCPA uyumlu rapor kaydedildi: F:\TraceWords\tracewords_privacy_report.txt
2025-07-21 12:54:57,190 - INFO - Session: c09f5ada-c100-44a5-9267-0d571e42d098 | Action: REPORT_SAVED | Resource: F:\TraceWords\tracewords_privacy_report.txt | User: user | Result: SUCCESS
2025-07-21 12:54:57,190 - INFO - Session: c09f5ada-c100-44a5-9267-0d571e42d098 | Event: PRIVACY_COMPLIANT_REPORT | Details: Report saved: F:\TraceWords\tracewords_privacy_report.txt
2025-07-21 12:54:57,191 - INFO - TraceWords v4.0 programı sona erdi.
